[dotenv@17.2.1] injecting env (13) from .env -- tip: ΓÜÖ∩╕Å  suppress all logs with { quiet: true }
[dotenv@17.2.1] injecting env (0) from .env -- tip: ≡ƒöÉ prevent committing .env to code: https://dotenvx.com/precommit
Token supported: true
Error: Cannot read properties of undefined (reading 'parseEther')
